// Vitest Snapshot v1, https://vitest.dev/guide/snapshot.html

exports[`cli-validation generator > exercises every mutation class, including valid accept cases 1`] = `
[
  "bad-enum-value",
  "boolean-with-value",
  "excess-positional",
  "int-out-of-range",
  "missing-flag-value",
  "unknown-command",
  "unsupported-flag",
  "valid",
]
`;
